Node                                          [36mworker-0[0m                                    Status  [32mOK[0m

  Network [36mblue[0m                                                                                    [32mOK[0m
    Subnets   192.168.1.1/24
    Routes    0.0.0.0/0 via 192.168.1.1
    Local Endpoints 1                                                              Total Endpoints 4

    Endpoints           cluster-west (local)  3 Endpoints
                        cluster-east          1 Endpoints

    Connected INBs    [31minb-not-exists 0/0 [disconnected][0m

